
======================================================================
FAKE STORE API TEST - Using Playwright
======================================================================

Step 1: Setting API endpoint
  Endpoint: https://fakestoreapi.com/products/1

Step 2: Sending GET request to the endpoint
  Request sent successfully

Step 3: Verifying response status code is 200
  Received status: 200
python : Traceback (most recent call last):
At line:1 char:86
+ ... PYTHON-UI_API" ; python ai/run_test.py > test_output.txt 2>&1 ; type  ...
+                      ~~~~~~~~~~~~~~~~~~~~~~~~~~~~~~~~~~~~~~~~~~~~
    + CategoryInfo          : NotSpecified: (Traceback (most recent call last)::String) [], 
    RemoteException
    + FullyQualifiedErrorId : NativeCommandError
 
  File "D:\TUTORIALS\4 Automation Python\Playwright 
Projects\PLAYWRIGHT-PYTHON-UI_API\ai\run_test.py", line 93, in <module>
    success = run_test()
              ^^^^^^^^^^
  File "D:\TUTORIALS\4 Automation Python\Playwright 
Projects\PLAYWRIGHT-PYTHON-UI_API\ai\run_test.py", line 44, in run_test
    print(f"  \u2713 Status code verified: {status}")
  File "C:\Users\India\AppData\Local\Programs\Python\Python311\Lib\encodings\cp1252.py", 
line 19, in encode
    return codecs.charmap_encode(input,self.errors,encoding_table)[0]
           ^^^^^^^^^^^^^^^^^^^^^^^^^^^^^^^^^^^^^^^^^^^^^^^^^^^^^^^
UnicodeEncodeError: 'charmap' codec can't encode character '\u2713' in position 2: 
character maps to <undefined>

During handling of the above exception, another exception occurred:

Traceback (most recent call last):
  File "D:\TUTORIALS\4 Automation Python\Playwright 
Projects\PLAYWRIGHT-PYTHON-UI_API\ai\run_test.py", line 96, in <module>
    print(f"\n\u2717 Test execution failed with error: {e}")
  File "C:\Users\India\AppData\Local\Programs\Python\Python311\Lib\encodings\cp1252.py", 
line 19, in encode
    return codecs.charmap_encode(input,self.errors,encoding_table)[0]
           ^^^^^^^^^^^^^^^^^^^^^^^^^^^^^^^^^^^^^^^^^^^^^^^^^^^^^^^
UnicodeEncodeError: 'charmap' codec can't encode character '\u2717' in position 2: 
character maps to <undefined>
