timeout : ERROR: Invalid syntax. 
Default option is not allowed more 
than '1' time(s).
At line:1 char:85
+ ... ON-UI_API"; timeout 60 python -m 
pytest aitesting/search_product.py:: 
...
+                 ~~~~~~~~~~~~~~~~~~~~~
~~~~~~~~~~~~~~~~~~~~~~~~~~~~~~~~~~~~
    + CategoryInfo          : NotSpeci 
   fied: (ERROR: Invalid ...an '1' ti  
  me(s).:String) [], RemoteException
    + FullyQualifiedErrorId : NativeCo 
   mmandError
 
Type "TIMEOUT /?" for usage.
